11:35:59 **** Incremental Build of configuration Debug for project xadc_demo ****
make all 
make --no-print-directory pre-build
a9-linaro-pre-build-step
' '
make --no-print-directory main-build
'Building file: ../src/my_xadc.cpp'
'Invoking: ARM v7 g++ compiler'
arm-none-eabi-g++ -Wall -O0 -g3 -c -fmessage-length=0 -MT"src/my_xadc.o" -mcpu=cortex-a9 -mfpu=vfpv3 -mfloat-abi=hard -IE:/ZYNQ_7z020/axi_xadc/vitiss/axi_xadc_proj/export/axi_xadc_proj/sw/axi_xadc_proj/standalone_domain/bspinclude/include -MMD -MP -MF"src/my_xadc.d" -MT"src/my_xadc.o" -o "src/my_xadc.o" "../src/my_xadc.cpp"
'Finished building: ../src/my_xadc.cpp'
' '
'Building target: xadc_demo.elf'
'Invoking: ARM v7 g++ linker'
arm-none-eabi-g++ -mcpu=cortex-a9 -mfpu=vfpv3 -mfloat-abi=hard -Wl,-build-id=none -specs=Xilinx.spec -Wl,-T -Wl,../src/lscript.ld -LE:/ZYNQ_7z020/axi_xadc/vitiss/axi_xadc_proj/export/axi_xadc_proj/sw/axi_xadc_proj/standalone_domain/bsplib/lib -o "xadc_demo.elf"  ./src/my_xadc.o   -Wl,--start-group,-lxil,-lgcc,-lc,-lstdc++,--end-group
'Finished building target: xadc_demo.elf'
' '
'Invoking: ARM v7 Print Size'
arm-none-eabi-size xadc_demo.elf  |tee "xadc_demo.elf.size"
   text	   data	    bss	    dec	    hex	filename
 554643	   2840	  29148	 586631	  8f387	xadc_demo.elf
'Finished building: xadc_demo.elf.size'
' '

11:36:05 Build Finished (took 5s.766ms)

