Nothing to build in platform 'dma_plat'

15:20:27 **** Incremental Build of configuration Debug for project dma_app ****
make all 
make --no-print-directory pre-build
a9-linaro-pre-build-step
' '
make --no-print-directory main-build
'Building file: ../src/dma_test.cpp'
'Invoking: ARM v7 g++ compiler'
arm-none-eabi-g++ -Wall -O0 -g3 -c -fmessage-length=0 -MT"src/dma_test.o" -mcpu=cortex-a9 -mfpu=vfpv3 -mfloat-abi=hard -IE:/ZYNQ_7z020/dma/vitiss/dma_plat/export/dma_plat/sw/dma_plat/standalone_domain/bspinclude/include -MMD -MP -MF"src/dma_test.d" -MT"src/dma_test.o" -o "src/dma_test.o" "../src/dma_test.cpp"
'Finished building: ../src/dma_test.cpp'
' '
'Building target: dma_app.elf'
'Invoking: ARM v7 g++ linker'
arm-none-eabi-g++ -mcpu=cortex-a9 -mfpu=vfpv3 -mfloat-abi=hard -Wl,-build-id=none -specs=Xilinx.spec -Wl,-T -Wl,../src/lscript.ld -LE:/ZYNQ_7z020/dma/vitiss/dma_plat/export/dma_plat/sw/dma_plat/standalone_domain/bsplib/lib -o "dma_app.elf"  ./src/dma_test.o   -Wl,--start-group,-lxil,-lgcc,-lc,-lstdc++,--end-group
'Finished building target: dma_app.elf'
' '
'Invoking: ARM v7 Print Size'
arm-none-eabi-size dma_app.elf  |tee "dma_app.elf.size"
   text	   data	    bss	    dec	    hex	filename
 557503	   2896	  29132	 589531	  8fedb	dma_app.elf
'Finished building: dma_app.elf.size'
' '
15:20:37 **** Incremental Build of configuration Debug for project dma_app_system ****
make all 
Generating bif file for the system project
generate_system_bif.bat 8003 E:/ZYNQ_7z020/dma/vitiss/dma_plat/export/dma_plat/dma_plat.xpfm standalone_domain E:/ZYNQ_7z020/dma/vitiss/dma_app_system/Debug/system.bif
sdcard_gen --xpfm E:/ZYNQ_7z020/dma/vitiss/dma_plat/export/dma_plat/dma_plat.xpfm --sys_config dma_plat --bif E:/ZYNQ_7z020/dma/vitiss/dma_app_system/Debug/system.bif --bitstream E:/ZYNQ_7z020/dma/vitiss/dma_app/_ide/bitstream/bd_dma_wrapper.bit --elf E:/ZYNQ_7z020/dma/vitiss/dma_app/Debug/dma_app.elf,ps7_cortexa9_0
creating BOOT.BIN using E:/ZYNQ_7z020/dma/vitiss/dma_app/_ide/bitstream/bd_dma_wrapper.bit
Running D:/Xilinx/Vitis/2020.2/bin/bootgen  -image E:/ZYNQ_7z020/dma/vitiss/dma_app_system/Debug/sd_card_temp/boot.bif -w -o i BOOT.BIN
