12:00:09 **** Incremental Build of configuration Debug for project xaxidma_example_simple_poll_1 ****
make all 
make --no-print-directory pre-build
a9-linaro-pre-build-step
' '
make --no-print-directory main-build
'Building file: ../src/xaxidma_example_simple_poll.c'
'Invoking: ARM v7 gcc compiler'
arm-none-eabi-gcc -Wall -O0 -g3 -c -fmessage-length=0 -MT"src/xaxidma_example_simple_poll.o" -mcpu=cortex-a9 -mfpu=vfpv3 -mfloat-abi=hard -IE:/ZYNQ_7z020/dma/vitiss/dma_plat/export/dma_plat/sw/dma_plat/standalone_domain/bspinclude/include -MMD -MP -MF"src/xaxidma_example_simple_poll.d" -MT"src/xaxidma_example_simple_poll.o" -o "src/xaxidma_example_simple_poll.o" "../src/xaxidma_example_simple_poll.c"
../src/xaxidma_example_simple_poll.c:86:2: warning: #warning CHECK FOR THE VALID DDR ADDRESS IN XPARAMETERS.H, DEFAULT SET TO 0x01000000 [-Wcpp]
   86 | #warning CHECK FOR THE VALID DDR ADDRESS IN XPARAMETERS.H, \
      |  ^~~~~~~
'Finished building: ../src/xaxidma_example_simple_poll.c'
' '
'Building target: xaxidma_example_simple_poll_1.elf'
'Invoking: ARM v7 gcc linker'
arm-none-eabi-gcc -mcpu=cortex-a9 -mfpu=vfpv3 -mfloat-abi=hard -Wl,-build-id=none -specs=Xilinx.spec -Wl,-T -Wl,../src/lscript.ld -LE:/ZYNQ_7z020/dma/vitiss/dma_plat/export/dma_plat/sw/dma_plat/standalone_domain/bsplib/lib -o "xaxidma_example_simple_poll_1.elf"  ./src/xaxidma_example_simple_poll.o   -Wl,--start-group,-lxil,-lgcc,-lc,--end-group
'Finished building target: xaxidma_example_simple_poll_1.elf'
' '
'Invoking: ARM v7 Print Size'
arm-none-eabi-size xaxidma_example_simple_poll_1.elf  |tee "xaxidma_example_simple_poll_1.elf.size"
   text	   data	    bss	    dec	    hex	filename
  34196	   2248	  24504	  60948	   ee14	xaxidma_example_simple_poll_1.elf
'Finished building: xaxidma_example_simple_poll_1.elf.size'
' '

12:00:16 Build Finished (took 6s.781ms)

