Nothing to build in platform 'bd_axi_gpio_wrapper'

23:07:47 **** Incremental Build of configuration Debug for project axi_gpio_test ****
make all 
make --no-print-directory pre-build
a9-linaro-pre-build-step
' '
make --no-print-directory main-build
'Building file: ../src/axi_gpio_led.cpp'
'Invoking: ARM v7 g++ compiler'
arm-none-eabi-g++ -Wall -O0 -g3 -c -fmessage-length=0 -MT"src/axi_gpio_led.o" -mcpu=cortex-a9 -mfpu=vfpv3 -mfloat-abi=hard -IE:/ZYNQ_7z020/axi_gpio/vitiss/bd_axi_gpio_wrapper/export/bd_axi_gpio_wrapper/sw/bd_axi_gpio_wrapper/standalone_ps7_cortexa9_0/bspinclude/include -MMD -MP -MF"src/axi_gpio_led.d" -MT"src/axi_gpio_led.o" -o "src/axi_gpio_led.o" "../src/axi_gpio_led.cpp"
'Finished building: ../src/axi_gpio_led.cpp'
' '
'Building target: axi_gpio_test.elf'
'Invoking: ARM v7 g++ linker'
arm-none-eabi-g++ -mcpu=cortex-a9 -mfpu=vfpv3 -mfloat-abi=hard -Wl,-build-id=none -specs=Xilinx.spec -Wl,-T -Wl,../src/lscript.ld -LE:/ZYNQ_7z020/axi_gpio/vitiss/bd_axi_gpio_wrapper/export/bd_axi_gpio_wrapper/sw/bd_axi_gpio_wrapper/standalone_ps7_cortexa9_0/bsplib/lib -o "axi_gpio_test.elf"  ./src/axi_gpio_led.o   -Wl,--start-group,-lxil,-lgcc,-lc,-lstdc++,--end-group
'Finished building target: axi_gpio_test.elf'
' '
'Invoking: ARM v7 Print Size'
arm-none-eabi-size axi_gpio_test.elf  |tee "axi_gpio_test.elf.size"
   text	   data	    bss	    dec	    hex	filename
 550127	   2848	  29132	 582107	  8e1db	axi_gpio_test.elf
'Finished building: axi_gpio_test.elf.size'
' '
23:07:55 **** Incremental Build of configuration Debug for project axi_gpio_test_system ****
make all 
Generating bif file for the system project
generate_system_bif.bat 2898 E:/ZYNQ_7z020/axi_gpio/vitiss/bd_axi_gpio_wrapper/export/bd_axi_gpio_wrapper/bd_axi_gpio_wrapper.xpfm standalone_ps7_cortexa9_0 E:/ZYNQ_7z020/axi_gpio/vitiss/axi_gpio_test_system/Debug/system.bif
sdcard_gen --xpfm E:/ZYNQ_7z020/axi_gpio/vitiss/bd_axi_gpio_wrapper/export/bd_axi_gpio_wrapper/bd_axi_gpio_wrapper.xpfm --sys_config bd_axi_gpio_wrapper --bif E:/ZYNQ_7z020/axi_gpio/vitiss/axi_gpio_test_system/Debug/system.bif --bitstream E:/ZYNQ_7z020/axi_gpio/vitiss/axi_gpio_test/_ide/bitstream/bd_axi_gpio_wrapper.bit --elf E:/ZYNQ_7z020/axi_gpio/vitiss/axi_gpio_test/Debug/axi_gpio_test.elf,ps7_cortexa9_0
creating BOOT.BIN using E:/ZYNQ_7z020/axi_gpio/vitiss/axi_gpio_test/_ide/bitstream/bd_axi_gpio_wrapper.bit
Running D:/Xilinx/Vitis/2020.2/bin/bootgen  -image E:/ZYNQ_7z020/axi_gpio/vitiss/axi_gpio_test_system/Debug/sd_card_temp/boot.bif -w -o i BOOT.BIN
