10:32:59 **** Build of configuration Debug for project xuartps_polled_example_1 ****
make all 
make --no-print-directory pre-build
a9-linaro-pre-build-step
' '
make --no-print-directory main-build
'Building file: ../src/xuartps_polled_example.c'
'Invoking: ARM v7 gcc compiler'
arm-none-eabi-gcc -Wall -O0 -g3 -c -fmessage-length=0 -MT"src/xuartps_polled_example.o" -mcpu=cortex-a9 -mfpu=vfpv3 -mfloat-abi=hard -IE:/ZYNQ_7z020/axi_gpio/vitiss/bd_axi_gpio_wrapper/export/bd_axi_gpio_wrapper/sw/bd_axi_gpio_wrapper/standalone_ps7_cortexa9_0/bspinclude/include -MMD -MP -MF"src/xuartps_polled_example.d" -MT"src/xuartps_polled_example.o" -o "src/xuartps_polled_example.o" "../src/xuartps_polled_example.c"
'Finished building: ../src/xuartps_polled_example.c'
' '
'Building target: xuartps_polled_example_1.elf'
'Invoking: ARM v7 gcc linker'
arm-none-eabi-gcc -mcpu=cortex-a9 -mfpu=vfpv3 -mfloat-abi=hard -Wl,-build-id=none -specs=Xilinx.spec -Wl,-T -Wl,../src/lscript.ld -LE:/ZYNQ_7z020/axi_gpio/vitiss/bd_axi_gpio_wrapper/export/bd_axi_gpio_wrapper/sw/bd_axi_gpio_wrapper/standalone_ps7_cortexa9_0/bsplib/lib -o "xuartps_polled_example_1.elf"  ./src/xuartps_polled_example.o   -Wl,--start-group,-lxil,-lgcc,-lc,--end-group
'Finished building target: xuartps_polled_example_1.elf'
' '
'Invoking: ARM v7 Print Size'
arm-none-eabi-size xuartps_polled_example_1.elf  |tee "xuartps_polled_example_1.elf.size"
   text	   data	    bss	    dec	    hex	filename
  26772	   1192	  22744	  50708	   c614	xuartps_polled_example_1.elf
'Finished building: xuartps_polled_example_1.elf.size'
' '

10:33:04 Build Finished (took 4s.791ms)

